Component: Arm Compiler for Embedded 6.19 Tool: armlink [5e73cb00]

==============================================================================

Section Cross References

    space.o(MYDATA) refers (Special) to menu.o(DATASECTION) for Break
    space.o(MYDATA) refers (Special) to tft_driver.o(MYCODE) for DRAWPIXEL
    space.o(MYDATA1) refers (Special) to menu.o(DATASECTION) for Break
    space.o(MYDATA1) refers (Special) to tft_driver.o(MYCODE) for DRAWPIXEL
    space.o(MYCODE) refers (Special) to menu.o(DATASECTION) for Break
    space.o(MYCODE) refers (Special) to tft_driver.o(MYCODE) for DRAWPIXEL
    space.o(MYCODE) refers to menu.o(MYCODE) for Draw_SPACE_SEL
    space.o(MYCODE) refers to gpio.o(MYCODE) for GPIO_PORTA_CONGIGURATION
    space.o(MYCODE) refers to space.o(MYDATA1) for WHICH_LEVEL
    space.o(MYCODE) refers to ships.o(DATASECTION) for ship
    menu.o(DATASECTION) refers (Special) to tft_driver.o(MYCODE) for DRAWPIXEL
    menu.o(MYCODE) refers (Special) to tft_driver.o(MYCODE) for DRAWPIXEL
    menu.o(MYCODE) refers to menu.o(DATASECTION) for Space_SEL
    startup_stm32f10x_md.o(STACK) refers (Special) to heapauxi.o(.text) for __use_two_region_memory
    startup_stm32f10x_md.o(HEAP) refers (Special) to heapauxi.o(.text) for __use_two_region_memory
    startup_stm32f10x_md.o(RESET) refers (Special) to heapauxi.o(.text) for __use_two_region_memory
    startup_stm32f10x_md.o(RESET) refers to startup_stm32f10x_md.o(STACK) for __initial_sp
    startup_stm32f10x_md.o(RESET) refers to startup_stm32f10x_md.o(.text) for Reset_Handler
    startup_stm32f10x_md.o(.text) refers (Special) to heapauxi.o(.text) for __use_two_region_memory
    startup_stm32f10x_md.o(.text) refers to system_stm32f10x.o(.text.SystemInit) for SystemInit
    startup_stm32f10x_md.o(.text) refers to space.o(MYCODE) for __main
    startup_stm32f10x_md.o(.text) refers to startup_stm32f10x_md.o(HEAP) for Heap_Mem
    startup_stm32f10x_md.o(.text) refers to startup_stm32f10x_md.o(STACK) for Stack_Mem
    system_stm32f10x.o(.text.SystemInit) refers to system_stm32f10x.o(.text.SetSysClock) for SetSysClock
    system_stm32f10x.o(.ARM.exidx.text.SystemInit) refers to system_stm32f10x.o(.text.SystemInit) for [Anonymous Symbol]
    system_stm32f10x.o(.text.SetSysClock) refers to system_stm32f10x.o(.text.SetSysClockTo72) for SetSysClockTo72
    system_stm32f10x.o(.ARM.exidx.text.SetSysClock) refers to system_stm32f10x.o(.text.SetSysClock) for [Anonymous Symbol]
    system_stm32f10x.o(.text.SystemCoreClockUpdate) refers to system_stm32f10x.o(.data.SystemCoreClock) for SystemCoreClock
    system_stm32f10x.o(.text.SystemCoreClockUpdate) refers to system_stm32f10x.o(.rodata.AHBPrescTable) for AHBPrescTable
    system_stm32f10x.o(.ARM.exidx.text.SystemCoreClockUpdate) refers to system_stm32f10x.o(.text.SystemCoreClockUpdate) for [Anonymous Symbol]
    system_stm32f10x.o(.ARM.exidx.text.SetSysClockTo72) refers to system_stm32f10x.o(.text.SetSysClockTo72) for [Anonymous Symbol]


==============================================================================

Removing Unused input sections from the image.

    Removing tft_driver.o(MYDATA), (0 bytes).
    Removing space.o(MYDATA), (0 bytes).
    Removing gpio.o(MYDATA), (0 bytes).
    Removing system_stm32f10x.o(.text), (0 bytes).
    Removing system_stm32f10x.o(.ARM.exidx.text.SystemInit), (8 bytes).
    Removing system_stm32f10x.o(.ARM.exidx.text.SetSysClock), (8 bytes).
    Removing system_stm32f10x.o(.text.SystemCoreClockUpdate), (290 bytes).
    Removing system_stm32f10x.o(.ARM.exidx.text.SystemCoreClockUpdate), (8 bytes).
    Removing system_stm32f10x.o(.ARM.exidx.text.SetSysClockTo72), (8 bytes).
    Removing system_stm32f10x.o(.data.SystemCoreClock), (4 bytes).
    Removing system_stm32f10x.o(.rodata.AHBPrescTable), (16 bytes).

11 unused section(s) (total 342 bytes) removed from the image.

==============================================================================

Image Symbol Table

    Local Symbols

    Symbol Name                              Value     Ov Type        Size  Object(Section)

    ../clib/heapaux.c                        0x00000000   Number         0  heapauxi.o ABSOLUTE
    GPIO.s                                   0x00000000   Number         0  gpio.o ABSOLUTE
    MENU.s                                   0x00000000   Number         0  menu.o ABSOLUTE
    RTE/Device/STM32F103C8/startup_stm32f10x_md.s 0x00000000   Number         0  startup_stm32f10x_md.o ABSOLUTE
    SPACE.s                                  0x00000000   Number         0  space.o ABSOLUTE
    Ships.s                                  0x00000000   Number         0  ships.o ABSOLUTE
    dc.s                                     0x00000000   Number         0  dc.o ABSOLUTE
    system_stm32f10x.c                       0x00000000   Number         0  system_stm32f10x.o ABSOLUTE
    tft_driver.s                             0x00000000   Number         0  tft_driver.o ABSOLUTE
    RESET                                    0x08000000   Section      236  startup_stm32f10x_md.o(RESET)
    .text                                    0x080000ec   Section       64  startup_stm32f10x_md.o(.text)
    .text                                    0x0800012c   Section        0  heapauxi.o(.text)
    SetSysClock                              0x08000135   Thumb Code     8  system_stm32f10x.o(.text.SetSysClock)
    [Anonymous Symbol]                       0x08000134   Section        0  system_stm32f10x.o(.text.SetSysClock)
    SetSysClockTo72                          0x0800013d   Thumb Code   290  system_stm32f10x.o(.text.SetSysClockTo72)
    [Anonymous Symbol]                       0x0800013c   Section        0  system_stm32f10x.o(.text.SetSysClockTo72)
    [Anonymous Symbol]                       0x08000260   Section        0  system_stm32f10x.o(.text.SystemInit)
    MYCODE                                   0x080002c8   Section      900  tft_driver.o(MYCODE)
    MYCODE                                   0x0800064c   Section     1648  space.o(MYCODE)
    CHECK_WINNING                            0x08000815   Thumb Code    24  space.o(MYCODE)
    DRAW_ROCKET_HIGH                         0x08000855   Thumb Code    22  space.o(MYCODE)
    DRAW_ROCKET                              0x08000891   Thumb Code    12  space.o(MYCODE)
    FIRE                                     0x0800089d   Thumb Code    16  space.o(MYCODE)
    DRAW_SHOOT                               0x080009c1   Thumb Code    44  space.o(MYCODE)
    DRAW_SHOOT_AFTER                         0x080009f9   Thumb Code    48  space.o(MYCODE)
    CHECK_X_COLLOSION                        0x08000a29   Thumb Code    66  space.o(MYCODE)
    CHECK_Y_COLLOSION                        0x08000a75   Thumb Code    78  space.o(MYCODE)
    DRAW_ROCKET_SHOOT                        0x08000ac3   Thumb Code    58  space.o(MYCODE)
    DRAW_ROCKET_FIRST                        0x08000afd   Thumb Code    36  space.o(MYCODE)
    DRAW_ROCKET_AFTER                        0x08000b21   Thumb Code    44  space.o(MYCODE)
    CHECK_Y_COLLOSION_ROCKET                 0x08000b4d   Thumb Code    16  space.o(MYCODE)
    CHECK_X_COLLOSION_ROCKET                 0x08000b5d   Thumb Code    44  space.o(MYCODE)
    INITIALIZE_VARIABLES                     0x08000b89   Thumb Code   204  space.o(MYCODE)
    MYCODE                                   0x08000cbc   Section      160  menu.o(MYCODE)
    MYCODE                                   0x08000d5c   Section      168  gpio.o(MYCODE)
    DATASECTION                              0x08000e04   Section     6496  ships.o(DATASECTION)
    DATASECTION                              0x08002764   Section    80000  menu.o(DATASECTION)
    WHICH_LEVEL                              0x20000000   Data           2  space.o(MYDATA1)
    MYDATA1                                  0x20000000   Section       52  space.o(MYDATA1)
    myShip_X                                 0x20000002   Data           2  space.o(MYDATA1)
    myShip_Y                                 0x20000004   Data           2  space.o(MYDATA1)
    SHIP2_1X                                 0x20000006   Data           2  space.o(MYDATA1)
    SHIP2_1Y                                 0x20000008   Data           2  space.o(MYDATA1)
    SHIP2_2X                                 0x2000000a   Data           2  space.o(MYDATA1)
    SHIP2_2Y                                 0x2000000c   Data           2  space.o(MYDATA1)
    SHIP2_3X                                 0x2000000e   Data           2  space.o(MYDATA1)
    SHIP2_3Y                                 0x20000010   Data           2  space.o(MYDATA1)
    SHIP2_4X                                 0x20000012   Data           2  space.o(MYDATA1)
    SHIP2_4Y                                 0x20000014   Data           2  space.o(MYDATA1)
    SHIP2_5X                                 0x20000016   Data           2  space.o(MYDATA1)
    SHIP2_5Y                                 0x20000018   Data           2  space.o(MYDATA1)
    SHIP1_1X                                 0x2000001a   Data           2  space.o(MYDATA1)
    SHIP1_1Y                                 0x2000001c   Data           2  space.o(MYDATA1)
    SHIP1_2X                                 0x2000001e   Data           2  space.o(MYDATA1)
    SHIP1_2Y                                 0x20000020   Data           2  space.o(MYDATA1)
    SHIP1_3X                                 0x20000022   Data           2  space.o(MYDATA1)
    SHIP1_3Y                                 0x20000024   Data           2  space.o(MYDATA1)
    SHIP1_4X                                 0x20000026   Data           2  space.o(MYDATA1)
    SHIP1_4Y                                 0x20000028   Data           2  space.o(MYDATA1)
    SHIP1_5X                                 0x2000002a   Data           2  space.o(MYDATA1)
    SHIP1_5Y                                 0x2000002c   Data           2  space.o(MYDATA1)
    SHIP1_6X                                 0x2000002e   Data           2  space.o(MYDATA1)
    SHIP1_6Y                                 0x20000030   Data           2  space.o(MYDATA1)
    WHICH_SHIP                               0x20000032   Data           1  space.o(MYDATA1)
    STILL_LIVE                               0x20000033   Data           1  space.o(MYDATA1)
    Heap_Mem                                 0x20000038   Data         512  startup_stm32f10x_md.o(HEAP)
    HEAP                                     0x20000038   Section      512  startup_stm32f10x_md.o(HEAP)
    Stack_Mem                                0x20000238   Data        1024  startup_stm32f10x_md.o(STACK)
    STACK                                    0x20000238   Section     1024  startup_stm32f10x_md.o(STACK)
    __initial_sp                             0x20000638   Data           0  startup_stm32f10x_md.o(STACK)

    Global Symbols

    Symbol Name                              Value     Ov Type        Size  Object(Section)

    BuildAttributes$$THM_ISAv4$P$D$K$B$S$PE$A:L22UL41UL21$X:L11$S22US41US21$IEEE1$IW$~IW$USESV6$~STKCKD$USESV7$~SHL$OSPACE$ROPI$EBA8$STANDARDLIB$REQ8$EABIv2 0x00000000   Number         0  anon$$obj.o ABSOLUTE
    __Vectors_Size                           0x000000ec   Number         0  startup_stm32f10x_md.o ABSOLUTE
    __Vectors                                0x08000000   Data           4  startup_stm32f10x_md.o(RESET)
    Reset_Handler                            0x080000ed   Thumb Code     8  startup_stm32f10x_md.o(.text)
    __Vectors_End                            0x080000ec   Data           0  startup_stm32f10x_md.o(RESET)
    NMI_Handler                              0x080000f5   Thumb Code     2  startup_stm32f10x_md.o(.text)
    HardFault_Handler                        0x080000f7   Thumb Code     2  startup_stm32f10x_md.o(.text)
    MemManage_Handler                        0x080000f9   Thumb Code     2  startup_stm32f10x_md.o(.text)
    BusFault_Handler                         0x080000fb   Thumb Code     2  startup_stm32f10x_md.o(.text)
    UsageFault_Handler                       0x080000fd   Thumb Code     2  startup_stm32f10x_md.o(.text)
    SVC_Handler                              0x080000ff   Thumb Code     2  startup_stm32f10x_md.o(.text)
    DebugMon_Handler                         0x08000101   Thumb Code     2  startup_stm32f10x_md.o(.text)
    PendSV_Handler                           0x08000103   Thumb Code     2  startup_stm32f10x_md.o(.text)
    SysTick_Handler                          0x08000105   Thumb Code     2  startup_stm32f10x_md.o(.text)
    ADC1_2_IRQHandler                        0x08000107   Thumb Code     0  startup_stm32f10x_md.o(.text)
    CAN1_RX1_IRQHandler                      0x08000107   Thumb Code     0  startup_stm32f10x_md.o(.text)
    CAN1_SCE_IRQHandler                      0x08000107   Thumb Code     0  startup_stm32f10x_md.o(.text)
    DMA1_Channel1_IRQHandler                 0x08000107   Thumb Code     0  startup_stm32f10x_md.o(.text)
    DMA1_Channel2_IRQHandler                 0x08000107   Thumb Code     0  startup_stm32f10x_md.o(.text)
    DMA1_Channel3_IRQHandler                 0x08000107   Thumb Code     0  startup_stm32f10x_md.o(.text)
    DMA1_Channel4_IRQHandler                 0x08000107   Thumb Code     0  startup_stm32f10x_md.o(.text)
    DMA1_Channel5_IRQHandler                 0x08000107   Thumb Code     0  startup_stm32f10x_md.o(.text)
    DMA1_Channel6_IRQHandler                 0x08000107   Thumb Code     0  startup_stm32f10x_md.o(.text)
    DMA1_Channel7_IRQHandler                 0x08000107   Thumb Code     0  startup_stm32f10x_md.o(.text)
    EXTI0_IRQHandler                         0x08000107   Thumb Code     0  startup_stm32f10x_md.o(.text)
    EXTI15_10_IRQHandler                     0x08000107   Thumb Code     0  startup_stm32f10x_md.o(.text)
    EXTI1_IRQHandler                         0x08000107   Thumb Code     0  startup_stm32f10x_md.o(.text)
    EXTI2_IRQHandler                         0x08000107   Thumb Code     0  startup_stm32f10x_md.o(.text)
    EXTI3_IRQHandler                         0x08000107   Thumb Code     0  startup_stm32f10x_md.o(.text)
    EXTI4_IRQHandler                         0x08000107   Thumb Code     0  startup_stm32f10x_md.o(.text)
    EXTI9_5_IRQHandler                       0x08000107   Thumb Code     0  startup_stm32f10x_md.o(.text)
    FLASH_IRQHandler                         0x08000107   Thumb Code     0  startup_stm32f10x_md.o(.text)
    I2C1_ER_IRQHandler                       0x08000107   Thumb Code     0  startup_stm32f10x_md.o(.text)
    I2C1_EV_IRQHandler                       0x08000107   Thumb Code     0  startup_stm32f10x_md.o(.text)
    I2C2_ER_IRQHandler                       0x08000107   Thumb Code     0  startup_stm32f10x_md.o(.text)
    I2C2_EV_IRQHandler                       0x08000107   Thumb Code     0  startup_stm32f10x_md.o(.text)
    PVD_IRQHandler                           0x08000107   Thumb Code     0  startup_stm32f10x_md.o(.text)
    RCC_IRQHandler                           0x08000107   Thumb Code     0  startup_stm32f10x_md.o(.text)
    RTCAlarm_IRQHandler                      0x08000107   Thumb Code     0  startup_stm32f10x_md.o(.text)
    RTC_IRQHandler                           0x08000107   Thumb Code     0  startup_stm32f10x_md.o(.text)
    SPI1_IRQHandler                          0x08000107   Thumb Code     0  startup_stm32f10x_md.o(.text)
    SPI2_IRQHandler                          0x08000107   Thumb Code     0  startup_stm32f10x_md.o(.text)
    TAMPER_IRQHandler                        0x08000107   Thumb Code     0  startup_stm32f10x_md.o(.text)
    TIM1_BRK_IRQHandler                      0x08000107   Thumb Code     0  startup_stm32f10x_md.o(.text)
    TIM1_CC_IRQHandler                       0x08000107   Thumb Code     0  startup_stm32f10x_md.o(.text)
    TIM1_TRG_COM_IRQHandler                  0x08000107   Thumb Code     0  startup_stm32f10x_md.o(.text)
    TIM1_UP_IRQHandler                       0x08000107   Thumb Code     0  startup_stm32f10x_md.o(.text)
    TIM2_IRQHandler                          0x08000107   Thumb Code     0  startup_stm32f10x_md.o(.text)
    TIM3_IRQHandler                          0x08000107   Thumb Code     0  startup_stm32f10x_md.o(.text)
    TIM4_IRQHandler                          0x08000107   Thumb Code     0  startup_stm32f10x_md.o(.text)
    USART1_IRQHandler                        0x08000107   Thumb Code     0  startup_stm32f10x_md.o(.text)
    USART2_IRQHandler                        0x08000107   Thumb Code     0  startup_stm32f10x_md.o(.text)
    USART3_IRQHandler                        0x08000107   Thumb Code     0  startup_stm32f10x_md.o(.text)
    USBWakeUp_IRQHandler                     0x08000107   Thumb Code     0  startup_stm32f10x_md.o(.text)
    USB_HP_CAN1_TX_IRQHandler                0x08000107   Thumb Code     0  startup_stm32f10x_md.o(.text)
    USB_LP_CAN1_RX0_IRQHandler               0x08000107   Thumb Code     0  startup_stm32f10x_md.o(.text)
    WWDG_IRQHandler                          0x08000107   Thumb Code     0  startup_stm32f10x_md.o(.text)
    __user_initial_stackheap                 0x08000109   Thumb Code     0  startup_stm32f10x_md.o(.text)
    __use_two_region_memory                  0x0800012d   Thumb Code     2  heapauxi.o(.text)
    __rt_heap_escrow$2region                 0x0800012f   Thumb Code     2  heapauxi.o(.text)
    __rt_heap_expand$2region                 0x08000131   Thumb Code     2  heapauxi.o(.text)
    SystemInit                               0x08000261   Thumb Code   102  system_stm32f10x.o(.text.SystemInit)
    LCD_COMMAND_WRITE                        0x080002fd   Thumb Code     0  tft_driver.o(MYCODE)
    LCD_DATA_WRITE                           0x08000331   Thumb Code     0  tft_driver.o(MYCODE)
    LCD_INIT                                 0x08000361   Thumb Code     0  tft_driver.o(MYCODE)
    ADDRESS_SET                              0x08000461   Thumb Code     0  tft_driver.o(MYCODE)
    DRAWPIXEL                                0x080004b5   Thumb Code     0  tft_driver.o(MYCODE)
    DRAW_RECTANGLE_FILLED                    0x080004ed   Thumb Code     0  tft_driver.o(MYCODE)
    DRAW_triangle                            0x0800050d   Thumb Code     0  tft_driver.o(MYCODE)
    SETUP                                    0x08000539   Thumb Code     0  tft_driver.o(MYCODE)
    __main                                   0x0800064d   Thumb Code   456  space.o(MYCODE)
    Draw_SPACE_SEL                           0x08000cbd   Thumb Code     0  menu.o(MYCODE)
    Draw_Break_SEL                           0x08000d09   Thumb Code     0  menu.o(MYCODE)
    GPIO_PORTA_CONGIGURATION                 0x08000d5d   Thumb Code    78  gpio.o(MYCODE)
    GPIO_PORTA_READ_PIN                      0x08000dd5   Thumb Code    32  gpio.o(MYCODE)
    ship                                     0x08000e04   Data          90  ships.o(DATASECTION)
    LEVEL_1                                  0x08001ee4   Data          64  ships.o(DATASECTION)
    SPACE_UN                                 0x08002764   Data         400  menu.o(DATASECTION)
    Space_SEL                                0x08007584   Data         400  menu.o(DATASECTION)
    Break_un                                 0x0800c3a4   Data         400  menu.o(DATASECTION)
    Break                                    0x080111c4   Data         400  menu.o(DATASECTION)



==============================================================================

Memory Map of the image

  Image Entry point : 0x080000ed

  Load Region LR_1 (Base: 0x08000000, Size: 0x00016018, Max: 0xffffffff, ABSOLUTE)

    Execution Region ER_RO (Exec base: 0x08000000, Load base: 0x08000000, Size: 0x00015fe4, Max: 0xffffffff, ABSOLUTE)

    Exec Addr    Load Addr    Size         Type   Attr      Idx    E Section Name        Object

    0x08000000   0x08000000   0x000000ec   Data   RO           25    RESET               startup_stm32f10x_md.o
    0x080000ec   0x080000ec   0x00000040   Code   RO           26  * .text               startup_stm32f10x_md.o
    0x0800012c   0x0800012c   0x00000006   Code   RO           49    .text               c_w.l(heapauxi.o)
    0x08000132   0x08000132   0x00000002   PAD
    0x08000134   0x08000134   0x00000008   Code   RO           33    .text.SetSysClock   system_stm32f10x.o
    0x0800013c   0x0800013c   0x00000122   Code   RO           37    .text.SetSysClockTo72  system_stm32f10x.o
    0x0800025e   0x0800025e   0x00000002   PAD
    0x08000260   0x08000260   0x00000066   Code   RO           31    .text.SystemInit    system_stm32f10x.o
    0x080002c6   0x080002c6   0x00000002   PAD
    0x080002c8   0x080002c8   0x00000384   Code   RO            2  * MYCODE              tft_driver.o
    0x0800064c   0x0800064c   0x00000670   Code   RO            9  * MYCODE              space.o
    0x08000cbc   0x08000cbc   0x000000a0   Code   RO           15    MYCODE              menu.o
    0x08000d5c   0x08000d5c   0x000000a8   Code   RO           19    MYCODE              gpio.o
    0x08000e04   0x08000e04   0x00001960   Data   RO           13    DATASECTION         ships.o
    0x08002764   0x08002764   0x00013880   Data   RO           14    DATASECTION         menu.o


    Execution Region ER_RW (Exec base: 0x20000000, Load base: 0x08015fe4, Size: 0x00000034, Max: 0xffffffff, ABSOLUTE)

    Exec Addr    Load Addr    Size         Type   Attr      Idx    E Section Name        Object

    0x20000000   0x08015fe4   0x00000034   Data   RW            8    MYDATA1             space.o


    Execution Region ER_ZI (Exec base: 0x20000038, Load base: 0x08016018, Size: 0x00000600, Max: 0xffffffff, ABSOLUTE)

    Exec Addr    Load Addr    Size         Type   Attr      Idx    E Section Name        Object

    0x20000038        -       0x00000200   Zero   RW           24    HEAP                startup_stm32f10x_md.o
    0x20000238        -       0x00000400   Zero   RW           23    STACK               startup_stm32f10x_md.o


==============================================================================

Image component sizes


      Code (inc. data)   RO Data    RW Data    ZI Data      Debug   Object Name

       168         16          0          0          0        564   gpio.o
       160          8      80000          0          0        364   menu.o
         0          0       6496          0          0          0   ships.o
      1648        174          0         52          0       1588   space.o
        64         26        236          0       1536        924   startup_stm32f10x_md.o
       400          0          0          0          0       2982   system_stm32f10x.o
       900         34          0          0          0        696   tft_driver.o

    ----------------------------------------------------------------------
      3344        258      86732         52       1536       7118   Object Totals
         0          0          0          0          0          0   (incl. Generated)
         4          0          0          0          0          0   (incl. Padding)

    ----------------------------------------------------------------------

      Code (inc. data)   RO Data    RW Data    ZI Data      Debug   Library Member Name

         6          0          0          0          0        152   heapauxi.o

    ----------------------------------------------------------------------
         8          0          0          0          0        152   Library Totals
         2          0          0          0          0          0   (incl. Padding)

    ----------------------------------------------------------------------

      Code (inc. data)   RO Data    RW Data    ZI Data      Debug   Library Name

         6          0          0          0          0        152   c_w.l

    ----------------------------------------------------------------------
         8          0          0          0          0        152   Library Totals

    ----------------------------------------------------------------------

==============================================================================


      Code (inc. data)   RO Data    RW Data    ZI Data      Debug   

      3352        258      86732         52       1536       7166   Grand Totals
      3352        258      86732         52       1536       7166   ELF Image Totals
      3352        258      86732         52          0          0   ROM Totals

==============================================================================

    Total RO  Size (Code + RO Data)                90084 (  87.97kB)
    Total RW  Size (RW Data + ZI Data)              1588 (   1.55kB)
    Total ROM Size (Code + RO Data + RW Data)      90136 (  88.02kB)

==============================================================================

